// Jest Snapshot v1, https://goo.gl/fbAQLP

exports[`TrackListItem test 表示が正しいこと 1`] = `undefined`;
