// Jest Snapshot v1, https://goo.gl/fbAQLP

exports[`Soundcloud test 表示が正しいこと 1`] = `undefined`;
